// Jest Snapshot v1, https://goo.gl/fbAQLP

exports[`Pruebas en el componente <GifGrid /> Mostrar la inf en pantalla 1`] = `
<Fragment>
  <h3
    className="animate__animated animate__lightSpeedInRight"
  >
    Buscaste: 
    Josue
  </h3>
  <p
    className="animate__animated animate__lightSpeedInLeft"
  >
    Loading...
  </p>
  <div
    className="card-grid"
  />
</Fragment>
`;
