// Jest Snapshot v1, https://goo.gl/fbAQLP

exports[`Pruebas en GifGridItem Debe mostrar los componente correctamente 1`] = `
<div
  className="card animate__animated animate__fadeInUp"
>
  <img
    alt="Un titulo"
    src="https://localhost/algo-por-ahi.jpg"
  />
  <p>
    Un titulo
  </p>
</div>
`;
